// Jest Snapshot v1, https://goo.gl/fbAQLP

exports[`ProductImage Debe mostar el componente con la imagen personalizada 1`] = `
<img
  alt="Product"
  className="productImg custom-class"
  src="https://hola.jpg"
/>
`;

exports[`ProductImage Debe mostrar el componente con la imagen del producto 1`] = `
<div
  className="productCard undefined"
>
  <img
    alt="Product"
    className="productImg undefined"
    src="./coffe-mug.png"
  />
</div>
`;
